INFO:     Started server process [84644]
INFO:     Waiting for application startup.

Fetching 9 files:   0%|          | 0/9 [00:00<?, ?it/s]
Fetching 9 files: 100%|██████████| 9/9 [00:00<00:00, 26791.15it/s]
/Users/ed/Documents/GitHub/livetra/app/backend/.venv/lib/python3.14/site-packages/transformers/audio_utils.py:821: UserWarning: At least one mel filter has all zero values. The value for `num_mel_filters` (128) may be set too high. Or, the value for `num_frequency_bins` (257) may be set too low.
  warnings.warn(
INFO:     Application startup complete.
INFO:     Uvicorn running on http://127.0.0.1:8766 (Press CTRL+C to quit)
INFO:     127.0.0.1:64084 - "GET /health HTTP/1.1" 200 OK
INFO:     127.0.0.1:64085 - "WebSocket /" [accepted]
INFO:     connection open
INFO:     final_commit reason=silero_end utterance_id=1 audio_seconds=2.480
WARNING:  slow_inference engine=gemma priority=final utterance_id=1 queue_seconds=0.178 inference_seconds=1.217
WARNING:  slow_caption stage=asr priority=final utterance_id=1 elapsed_seconds=1.395 audio_seconds=2.480
WARNING:  slow_inference engine=gemma priority=None utterance_id=None queue_seconds=0.540 inference_seconds=0.611
INFO:     final_commit reason=silero_end utterance_id=2 audio_seconds=2.780
WARNING:  slow_inference engine=gemma priority=final utterance_id=2 queue_seconds=0.148 inference_seconds=1.124
WARNING:  slow_caption stage=asr priority=final utterance_id=2 elapsed_seconds=1.272 audio_seconds=2.780
WARNING:  slow_inference engine=gemma priority=None utterance_id=None queue_seconds=0.650 inference_seconds=0.586
INFO:     final_commit reason=silero_end utterance_id=3 audio_seconds=2.480
WARNING:  slow_inference engine=gemma priority=final utterance_id=3 queue_seconds=0.323 inference_seconds=1.111
WARNING:  slow_caption stage=asr priority=final utterance_id=3 elapsed_seconds=1.434 audio_seconds=2.480
WARNING:  slow_inference engine=gemma priority=None utterance_id=None queue_seconds=0.535 inference_seconds=0.483
INFO:     final_commit reason=silero_end utterance_id=4 audio_seconds=2.780
WARNING:  slow_inference engine=gemma priority=final utterance_id=4 queue_seconds=0.020 inference_seconds=1.190
WARNING:  slow_caption stage=asr priority=final utterance_id=4 elapsed_seconds=1.210 audio_seconds=2.780
WARNING:  slow_inference engine=gemma priority=partial utterance_id=5 queue_seconds=0.570 inference_seconds=0.533
WARNING:  slow_caption stage=asr priority=partial utterance_id=5 elapsed_seconds=1.104 audio_seconds=0.560
WARNING:  slow_inference engine=gemma priority=None utterance_id=None queue_seconds=0.533 inference_seconds=0.577
INFO:     final_commit reason=silero_end utterance_id=5 audio_seconds=2.760
WARNING:  slow_inference engine=gemma priority=final utterance_id=5 queue_seconds=0.259 inference_seconds=1.227
WARNING:  slow_caption stage=asr priority=final utterance_id=5 elapsed_seconds=1.486 audio_seconds=2.760
WARNING:  slow_inference engine=gemma priority=partial utterance_id=6 queue_seconds=0.514 inference_seconds=0.528
WARNING:  slow_caption stage=asr priority=partial utterance_id=6 elapsed_seconds=1.043 audio_seconds=0.560
WARNING:  slow_inference engine=gemma priority=None utterance_id=None queue_seconds=0.528 inference_seconds=0.614
INFO:     final_commit reason=silero_end utterance_id=6 audio_seconds=2.780
WARNING:  slow_inference engine=gemma priority=final utterance_id=6 queue_seconds=0.233 inference_seconds=1.128
WARNING:  slow_caption stage=asr priority=final utterance_id=6 elapsed_seconds=1.361 audio_seconds=2.780
WARNING:  slow_inference engine=gemma priority=None utterance_id=None queue_seconds=0.543 inference_seconds=0.571
INFO:     final_commit reason=silero_end utterance_id=7 audio_seconds=2.500
WARNING:  slow_inference engine=gemma priority=final utterance_id=7 queue_seconds=0.307 inference_seconds=1.111
WARNING:  slow_caption stage=asr priority=final utterance_id=7 elapsed_seconds=1.419 audio_seconds=2.500
WARNING:  slow_inference engine=gemma priority=None utterance_id=None queue_seconds=0.540 inference_seconds=0.490
INFO:     final_commit reason=silero_end utterance_id=8 audio_seconds=2.780
WARNING:  slow_inference engine=gemma priority=final utterance_id=8 queue_seconds=0.037 inference_seconds=1.161
WARNING:  slow_caption stage=asr priority=final utterance_id=8 elapsed_seconds=1.199 audio_seconds=2.780
WARNING:  slow_inference engine=gemma priority=partial utterance_id=9 queue_seconds=0.539 inference_seconds=0.539
WARNING:  slow_caption stage=asr priority=partial utterance_id=9 elapsed_seconds=1.079 audio_seconds=0.560
WARNING:  slow_inference engine=gemma priority=None utterance_id=None queue_seconds=0.539 inference_seconds=0.577
INFO:     final_commit reason=silero_end utterance_id=9 audio_seconds=2.740
WARNING:  slow_inference engine=gemma priority=final utterance_id=9 queue_seconds=0.279 inference_seconds=1.240
WARNING:  slow_caption stage=asr priority=final utterance_id=9 elapsed_seconds=1.520 audio_seconds=2.740
WARNING:  slow_inference engine=gemma priority=partial utterance_id=10 queue_seconds=0.539 inference_seconds=0.543
WARNING:  slow_caption stage=asr priority=partial utterance_id=10 elapsed_seconds=1.082 audio_seconds=0.560
WARNING:  slow_inference engine=gemma priority=None utterance_id=None queue_seconds=0.542 inference_seconds=0.608
INFO:     final_commit reason=silero_end utterance_id=10 audio_seconds=2.780
WARNING:  slow_inference engine=gemma priority=final utterance_id=10 queue_seconds=0.235 inference_seconds=1.138
WARNING:  slow_caption stage=asr priority=final utterance_id=10 elapsed_seconds=1.373 audio_seconds=2.780
WARNING:  slow_inference engine=gemma priority=None utterance_id=None queue_seconds=0.638 inference_seconds=0.593
INFO:     final_commit reason=silero_end utterance_id=11 audio_seconds=2.480
WARNING:  slow_inference engine=gemma priority=final utterance_id=11 queue_seconds=0.368 inference_seconds=1.112
WARNING:  slow_caption stage=asr priority=final utterance_id=11 elapsed_seconds=1.481 audio_seconds=2.480
WARNING:  slow_inference engine=gemma priority=partial utterance_id=12 queue_seconds=0.502 inference_seconds=0.537
WARNING:  slow_caption stage=asr priority=partial utterance_id=12 elapsed_seconds=1.039 audio_seconds=0.560
WARNING:  slow_inference engine=gemma priority=None utterance_id=None queue_seconds=0.536 inference_seconds=0.483
INFO:     final_commit reason=silero_end utterance_id=12 audio_seconds=2.780
WARNING:  slow_inference engine=gemma priority=final utterance_id=12 queue_seconds=0.064 inference_seconds=1.159
WARNING:  slow_caption stage=asr priority=final utterance_id=12 elapsed_seconds=1.224 audio_seconds=2.780
WARNING:  slow_inference engine=gemma priority=partial utterance_id=13 queue_seconds=0.567 inference_seconds=0.542
WARNING:  slow_caption stage=asr priority=partial utterance_id=13 elapsed_seconds=1.109 audio_seconds=0.560
WARNING:  slow_inference engine=gemma priority=None utterance_id=None queue_seconds=0.541 inference_seconds=0.593
INFO:     final_commit reason=silero_end utterance_id=13 audio_seconds=2.740
WARNING:  slow_inference engine=gemma priority=final utterance_id=13 queue_seconds=0.306 inference_seconds=1.221
WARNING:  slow_caption stage=asr priority=final utterance_id=13 elapsed_seconds=1.528 audio_seconds=2.740
WARNING:  slow_inference engine=gemma priority=partial utterance_id=14 queue_seconds=0.535 inference_seconds=0.558
WARNING:  slow_caption stage=asr priority=partial utterance_id=14 elapsed_seconds=1.093 audio_seconds=0.560
WARNING:  slow_inference engine=gemma priority=None utterance_id=None queue_seconds=0.557 inference_seconds=0.616
INFO:     final_commit reason=silero_end utterance_id=14 audio_seconds=2.760
WARNING:  slow_inference engine=gemma priority=final utterance_id=14 queue_seconds=0.283 inference_seconds=1.122
WARNING:  slow_caption stage=asr priority=final utterance_id=14 elapsed_seconds=1.405 audio_seconds=2.760
WARNING:  slow_inference engine=gemma priority=partial utterance_id=15 queue_seconds=0.387 inference_seconds=0.638
WARNING:  slow_caption stage=asr priority=partial utterance_id=15 elapsed_seconds=1.026 audio_seconds=0.580
WARNING:  slow_inference engine=gemma priority=None utterance_id=None queue_seconds=0.638 inference_seconds=0.584
INFO:     final_commit reason=silero_end utterance_id=15 audio_seconds=2.480
WARNING:  slow_inference engine=gemma priority=final utterance_id=15 queue_seconds=0.416 inference_seconds=1.117
WARNING:  slow_caption stage=asr priority=final utterance_id=15 elapsed_seconds=1.533 audio_seconds=2.480
WARNING:  slow_inference engine=gemma priority=partial utterance_id=16 queue_seconds=0.588 inference_seconds=0.545
WARNING:  slow_caption stage=asr priority=partial utterance_id=16 elapsed_seconds=1.134 audio_seconds=0.560
WARNING:  slow_inference engine=gemma priority=None utterance_id=None queue_seconds=0.544 inference_seconds=0.485
INFO:     final_commit reason=silero_end utterance_id=16 audio_seconds=2.800
WARNING:  slow_inference engine=gemma priority=final utterance_id=16 queue_seconds=0.145 inference_seconds=1.161
WARNING:  slow_caption stage=asr priority=final utterance_id=16 elapsed_seconds=1.306 audio_seconds=2.800
WARNING:  slow_inference engine=gemma priority=partial utterance_id=17 queue_seconds=0.668 inference_seconds=0.556
WARNING:  slow_caption stage=asr priority=partial utterance_id=17 elapsed_seconds=1.224 audio_seconds=0.560
WARNING:  slow_inference engine=gemma priority=None utterance_id=None queue_seconds=0.556 inference_seconds=0.594
INFO:     final_commit reason=silero_end utterance_id=17 audio_seconds=2.760
WARNING:  slow_inference engine=gemma priority=final utterance_id=17 queue_seconds=0.387 inference_seconds=1.235
WARNING:  slow_caption stage=asr priority=final utterance_id=17 elapsed_seconds=1.623 audio_seconds=2.760
WARNING:  slow_inference engine=gemma priority=partial utterance_id=18 queue_seconds=0.646 inference_seconds=0.543
WARNING:  slow_caption stage=asr priority=partial utterance_id=18 elapsed_seconds=1.190 audio_seconds=0.560
WARNING:  slow_inference engine=gemma priority=None utterance_id=None queue_seconds=0.543 inference_seconds=0.613
INFO:     final_commit reason=silero_end utterance_id=18 audio_seconds=2.780
WARNING:  slow_inference engine=gemma priority=final utterance_id=18 queue_seconds=0.379 inference_seconds=1.121
WARNING:  slow_caption stage=asr priority=final utterance_id=18 elapsed_seconds=1.501 audio_seconds=2.780
WARNING:  slow_inference engine=gemma priority=partial utterance_id=19 queue_seconds=0.486 inference_seconds=0.641
WARNING:  slow_caption stage=asr priority=partial utterance_id=19 elapsed_seconds=1.128 audio_seconds=0.580
WARNING:  slow_inference engine=gemma priority=None utterance_id=None queue_seconds=0.640 inference_seconds=0.577
INFO:     final_commit reason=silero_end utterance_id=19 audio_seconds=2.480
WARNING:  slow_inference engine=gemma priority=final utterance_id=19 queue_seconds=0.070 inference_seconds=1.132
WARNING:  slow_caption stage=asr priority=final utterance_id=19 elapsed_seconds=1.203 audio_seconds=2.480
WARNING:  slow_inference engine=gemma priority=None utterance_id=None queue_seconds=0.539 inference_seconds=0.490
INFO:     final_commit reason=silero_end utterance_id=20 audio_seconds=2.780
WARNING:  slow_inference engine=gemma priority=final utterance_id=20 queue_seconds=0.050 inference_seconds=1.164
WARNING:  slow_caption stage=asr priority=final utterance_id=20 elapsed_seconds=1.215 audio_seconds=2.780
WARNING:  slow_inference engine=gemma priority=partial utterance_id=21 queue_seconds=0.576 inference_seconds=0.551
WARNING:  slow_caption stage=asr priority=partial utterance_id=21 elapsed_seconds=1.128 audio_seconds=0.560
WARNING:  slow_inference engine=gemma priority=None utterance_id=None queue_seconds=0.551 inference_seconds=0.578
INFO:     final_commit reason=silero_end utterance_id=21 audio_seconds=2.760
WARNING:  slow_inference engine=gemma priority=final utterance_id=21 queue_seconds=0.298 inference_seconds=1.240
WARNING:  slow_caption stage=asr priority=final utterance_id=21 elapsed_seconds=1.539 audio_seconds=2.760
WARNING:  slow_inference engine=gemma priority=partial utterance_id=22 queue_seconds=0.570 inference_seconds=0.543
WARNING:  slow_caption stage=asr priority=partial utterance_id=22 elapsed_seconds=1.113 audio_seconds=0.560
WARNING:  slow_inference engine=gemma priority=None utterance_id=None queue_seconds=0.542 inference_seconds=0.613
INFO:     final_commit reason=silero_end utterance_id=22 audio_seconds=2.780
WARNING:  slow_inference engine=gemma priority=final utterance_id=22 queue_seconds=0.300 inference_seconds=1.124
WARNING:  slow_caption stage=asr priority=final utterance_id=22 elapsed_seconds=1.424 audio_seconds=2.780
WARNING:  slow_inference engine=gemma priority=None utterance_id=None queue_seconds=0.540 inference_seconds=0.582
INFO:     final_commit reason=silero_end utterance_id=23 audio_seconds=2.500
WARNING:  slow_inference engine=gemma priority=final utterance_id=23 queue_seconds=0.315 inference_seconds=1.125
WARNING:  slow_caption stage=asr priority=final utterance_id=23 elapsed_seconds=1.441 audio_seconds=2.500
WARNING:  slow_inference engine=gemma priority=partial utterance_id=24 queue_seconds=0.473 inference_seconds=0.541
WARNING:  slow_caption stage=asr priority=partial utterance_id=24 elapsed_seconds=1.014 audio_seconds=0.560
WARNING:  slow_inference engine=gemma priority=None utterance_id=None queue_seconds=0.540 inference_seconds=0.493
INFO:     final_commit reason=silero_end utterance_id=24 audio_seconds=2.780
WARNING:  slow_inference engine=gemma priority=final utterance_id=24 queue_seconds=0.034 inference_seconds=1.163
WARNING:  slow_caption stage=asr priority=final utterance_id=24 elapsed_seconds=1.198 audio_seconds=2.780
WARNING:  slow_inference engine=gemma priority=partial utterance_id=25 queue_seconds=0.541 inference_seconds=0.547
WARNING:  slow_caption stage=asr priority=partial utterance_id=25 elapsed_seconds=1.089 audio_seconds=0.560
WARNING:  slow_inference engine=gemma priority=None utterance_id=None queue_seconds=0.546 inference_seconds=0.578
INFO:     final_commit reason=silero_end utterance_id=25 audio_seconds=2.740
WARNING:  slow_inference engine=gemma priority=final utterance_id=25 queue_seconds=0.269 inference_seconds=1.225
WARNING:  slow_caption stage=asr priority=final utterance_id=25 elapsed_seconds=1.495 audio_seconds=2.740
WARNING:  slow_inference engine=gemma priority=partial utterance_id=26 queue_seconds=0.523 inference_seconds=0.538
WARNING:  slow_caption stage=asr priority=partial utterance_id=26 elapsed_seconds=1.061 audio_seconds=0.560
WARNING:  slow_inference engine=gemma priority=None utterance_id=None queue_seconds=0.538 inference_seconds=0.613
INFO:     final_commit reason=silero_end utterance_id=26 audio_seconds=2.780
WARNING:  slow_inference engine=gemma priority=final utterance_id=26 queue_seconds=0.255 inference_seconds=1.129
WARNING:  slow_caption stage=asr priority=final utterance_id=26 elapsed_seconds=1.385 audio_seconds=2.780
WARNING:  slow_inference engine=gemma priority=partial utterance_id=27 queue_seconds=0.361 inference_seconds=0.641
WARNING:  slow_caption stage=asr priority=partial utterance_id=27 elapsed_seconds=1.002 audio_seconds=0.580
WARNING:  slow_inference engine=gemma priority=None utterance_id=None queue_seconds=0.640 inference_seconds=0.576
INFO:     final_commit reason=silero_end utterance_id=27 audio_seconds=2.480
WARNING:  slow_inference engine=gemma priority=final utterance_id=27 queue_seconds=0.386 inference_seconds=1.120
WARNING:  slow_caption stage=asr priority=final utterance_id=27 elapsed_seconds=1.507 audio_seconds=2.480
WARNING:  slow_inference engine=gemma priority=partial utterance_id=28 queue_seconds=0.533 inference_seconds=0.544
WARNING:  slow_caption stage=asr priority=partial utterance_id=28 elapsed_seconds=1.077 audio_seconds=0.560
WARNING:  slow_inference engine=gemma priority=None utterance_id=None queue_seconds=0.543 inference_seconds=0.478
INFO:     final_commit reason=silero_end utterance_id=28 audio_seconds=2.780
WARNING:  slow_inference engine=gemma priority=final utterance_id=28 queue_seconds=0.076 inference_seconds=1.169
WARNING:  slow_caption stage=asr priority=final utterance_id=28 elapsed_seconds=1.246 audio_seconds=2.780
WARNING:  slow_inference engine=gemma priority=partial utterance_id=29 queue_seconds=0.587 inference_seconds=0.549
WARNING:  slow_caption stage=asr priority=partial utterance_id=29 elapsed_seconds=1.137 audio_seconds=0.560
WARNING:  slow_inference engine=gemma priority=None utterance_id=None queue_seconds=0.548 inference_seconds=0.580
INFO:     final_commit reason=silero_end utterance_id=29 audio_seconds=2.740
WARNING:  slow_inference engine=gemma priority=final utterance_id=29 queue_seconds=0.346 inference_seconds=1.227
WARNING:  slow_caption stage=asr priority=final utterance_id=29 elapsed_seconds=1.573 audio_seconds=2.740
WARNING:  slow_inference engine=gemma priority=partial utterance_id=30 queue_seconds=0.583 inference_seconds=0.541
WARNING:  slow_caption stage=asr priority=partial utterance_id=30 elapsed_seconds=1.125 audio_seconds=0.560
WARNING:  slow_inference engine=gemma priority=None utterance_id=None queue_seconds=0.541 inference_seconds=0.618
INFO:     final_commit reason=silero_end utterance_id=30 audio_seconds=2.760
WARNING:  slow_inference engine=gemma priority=final utterance_id=30 queue_seconds=0.327 inference_seconds=1.135
WARNING:  slow_caption stage=asr priority=final utterance_id=30 elapsed_seconds=1.462 audio_seconds=2.760
WARNING:  slow_inference engine=gemma priority=partial utterance_id=31 queue_seconds=0.440 inference_seconds=0.653
WARNING:  slow_caption stage=asr priority=partial utterance_id=31 elapsed_seconds=1.094 audio_seconds=0.580
WARNING:  slow_inference engine=gemma priority=None utterance_id=None queue_seconds=0.653 inference_seconds=0.576
INFO:     final_commit reason=silero_end utterance_id=31 audio_seconds=2.480
WARNING:  slow_inference engine=gemma priority=final utterance_id=31 queue_seconds=0.042 inference_seconds=1.118
WARNING:  slow_caption stage=asr priority=final utterance_id=31 elapsed_seconds=1.162 audio_seconds=2.480
WARNING:  slow_inference engine=gemma priority=None utterance_id=None queue_seconds=0.546 inference_seconds=0.489
INFO:     final_commit reason=silero_end utterance_id=32 audio_seconds=2.800
WARNING:  slow_inference engine=gemma priority=final utterance_id=32 queue_seconds=0.027 inference_seconds=1.169
WARNING:  slow_caption stage=asr priority=final utterance_id=32 elapsed_seconds=1.196 audio_seconds=2.800
WARNING:  slow_inference engine=gemma priority=partial utterance_id=33 queue_seconds=0.556 inference_seconds=0.540
WARNING:  slow_caption stage=asr priority=partial utterance_id=33 elapsed_seconds=1.097 audio_seconds=0.560
WARNING:  slow_inference engine=gemma priority=None utterance_id=None queue_seconds=0.540 inference_seconds=0.579
INFO:     final_commit reason=silero_end utterance_id=33 audio_seconds=2.760
WARNING:  slow_inference engine=gemma priority=final utterance_id=33 queue_seconds=0.274 inference_seconds=1.241
WARNING:  slow_caption stage=asr priority=final utterance_id=33 elapsed_seconds=1.515 audio_seconds=2.760
WARNING:  slow_inference engine=gemma priority=partial utterance_id=34 queue_seconds=0.536 inference_seconds=0.534
WARNING:  slow_caption stage=asr priority=partial utterance_id=34 elapsed_seconds=1.070 audio_seconds=0.560
WARNING:  slow_inference engine=gemma priority=None utterance_id=None queue_seconds=0.533 inference_seconds=0.624
INFO:     final_commit reason=silero_end utterance_id=34 audio_seconds=2.780
WARNING:  slow_inference engine=gemma priority=final utterance_id=34 queue_seconds=0.247 inference_seconds=1.127
WARNING:  slow_caption stage=asr priority=final utterance_id=34 elapsed_seconds=1.374 audio_seconds=2.780
WARNING:  slow_inference engine=gemma priority=partial utterance_id=35 queue_seconds=0.359 inference_seconds=0.644
WARNING:  slow_caption stage=asr priority=partial utterance_id=35 elapsed_seconds=1.003 audio_seconds=0.580
WARNING:  slow_inference engine=gemma priority=None utterance_id=None queue_seconds=0.643 inference_seconds=0.585
INFO:     final_commit reason=silero_end utterance_id=35 audio_seconds=2.480
WARNING:  slow_inference engine=gemma priority=final utterance_id=35 queue_seconds=0.393 inference_seconds=1.119
WARNING:  slow_caption stage=asr priority=final utterance_id=35 elapsed_seconds=1.513 audio_seconds=2.480
WARNING:  slow_inference engine=gemma priority=partial utterance_id=36 queue_seconds=0.533 inference_seconds=0.541
WARNING:  slow_caption stage=asr priority=partial utterance_id=36 elapsed_seconds=1.075 audio_seconds=0.560
WARNING:  slow_inference engine=gemma priority=None utterance_id=None queue_seconds=0.541 inference_seconds=0.502
INFO:     final_commit reason=silero_end utterance_id=36 audio_seconds=2.780
WARNING:  slow_inference engine=gemma priority=final utterance_id=36 queue_seconds=0.115 inference_seconds=1.155
WARNING:  slow_caption stage=asr priority=final utterance_id=36 elapsed_seconds=1.270 audio_seconds=2.780
WARNING:  slow_inference engine=gemma priority=partial utterance_id=37 queue_seconds=0.637 inference_seconds=0.542
WARNING:  slow_caption stage=asr priority=partial utterance_id=37 elapsed_seconds=1.180 audio_seconds=0.560
WARNING:  slow_inference engine=gemma priority=None utterance_id=None queue_seconds=0.542 inference_seconds=0.572
INFO:     final_commit reason=silero_end utterance_id=37 audio_seconds=2.760
WARNING:  slow_inference engine=gemma priority=final utterance_id=37 queue_seconds=0.337 inference_seconds=1.234
WARNING:  slow_caption stage=asr priority=final utterance_id=37 elapsed_seconds=1.572 audio_seconds=2.760
WARNING:  slow_inference engine=gemma priority=partial utterance_id=38 queue_seconds=0.590 inference_seconds=0.539
WARNING:  slow_caption stage=asr priority=partial utterance_id=38 elapsed_seconds=1.129 audio_seconds=0.560
WARNING:  slow_inference engine=gemma priority=None utterance_id=None queue_seconds=0.539 inference_seconds=0.618
INFO:     final_commit reason=silero_end utterance_id=38 audio_seconds=2.780
WARNING:  slow_inference engine=gemma priority=final utterance_id=38 queue_seconds=0.320 inference_seconds=1.138
WARNING:  slow_caption stage=asr priority=final utterance_id=38 elapsed_seconds=1.458 audio_seconds=2.780
WARNING:  slow_inference engine=gemma priority=partial utterance_id=39 queue_seconds=0.463 inference_seconds=0.540
WARNING:  slow_caption stage=asr priority=partial utterance_id=39 elapsed_seconds=1.004 audio_seconds=0.580
WARNING:  slow_inference engine=gemma priority=None utterance_id=None queue_seconds=0.540 inference_seconds=0.577
INFO:     final_commit reason=silero_end utterance_id=39 audio_seconds=2.500
WARNING:  slow_inference engine=gemma priority=final utterance_id=39 queue_seconds=0.349 inference_seconds=1.133
WARNING:  slow_caption stage=asr priority=final utterance_id=39 elapsed_seconds=1.483 audio_seconds=2.500
WARNING:  slow_inference engine=gemma priority=partial utterance_id=40 queue_seconds=0.499 inference_seconds=0.539
WARNING:  slow_caption stage=asr priority=partial utterance_id=40 elapsed_seconds=1.039 audio_seconds=0.560
WARNING:  slow_inference engine=gemma priority=None utterance_id=None queue_seconds=0.539 inference_seconds=0.493
INFO:     final_commit reason=silero_end utterance_id=40 audio_seconds=2.780
WARNING:  slow_inference engine=gemma priority=final utterance_id=40 queue_seconds=0.072 inference_seconds=1.159
WARNING:  slow_caption stage=asr priority=final utterance_id=40 elapsed_seconds=1.233 audio_seconds=2.780
WARNING:  slow_inference engine=gemma priority=partial utterance_id=41 queue_seconds=0.570 inference_seconds=0.548
WARNING:  slow_caption stage=asr priority=partial utterance_id=41 elapsed_seconds=1.119 audio_seconds=0.560
WARNING:  slow_inference engine=gemma priority=None utterance_id=None queue_seconds=0.548 inference_seconds=0.580
INFO:     final_commit reason=silero_end utterance_id=41 audio_seconds=2.740
WARNING:  slow_inference engine=gemma priority=final utterance_id=41 queue_seconds=0.307 inference_seconds=1.227
WARNING:  slow_caption stage=asr priority=final utterance_id=41 elapsed_seconds=1.534 audio_seconds=2.740
WARNING:  slow_inference engine=gemma priority=partial utterance_id=42 queue_seconds=0.559 inference_seconds=0.540
WARNING:  slow_caption stage=asr priority=partial utterance_id=42 elapsed_seconds=1.100 audio_seconds=0.560
WARNING:  slow_inference engine=gemma priority=None utterance_id=None queue_seconds=0.540 inference_seconds=0.608
INFO:     final_commit reason=silero_end utterance_id=42 audio_seconds=2.780
WARNING:  slow_inference engine=gemma priority=final utterance_id=42 queue_seconds=0.282 inference_seconds=1.140
WARNING:  slow_caption stage=asr priority=final utterance_id=42 elapsed_seconds=1.423 audio_seconds=2.780
WARNING:  slow_inference engine=gemma priority=partial utterance_id=43 queue_seconds=0.404 inference_seconds=0.650
WARNING:  slow_caption stage=asr priority=partial utterance_id=43 elapsed_seconds=1.055 audio_seconds=0.580
WARNING:  slow_inference engine=gemma priority=None utterance_id=None queue_seconds=0.649 inference_seconds=0.579
INFO:     final_commit reason=silero_end utterance_id=43 audio_seconds=2.480
WARNING:  slow_inference engine=gemma priority=final utterance_id=43 queue_seconds=0.001 inference_seconds=1.125
WARNING:  slow_caption stage=asr priority=final utterance_id=43 elapsed_seconds=1.126 audio_seconds=2.480
WARNING:  slow_inference engine=gemma priority=None utterance_id=None queue_seconds=0.542 inference_seconds=0.493
INFO:     final_commit reason=silero_end utterance_id=44 audio_seconds=2.780
WARNING:  slow_inference engine=gemma priority=final utterance_id=44 queue_seconds=0.022 inference_seconds=1.162
WARNING:  slow_caption stage=asr priority=final utterance_id=44 elapsed_seconds=1.184 audio_seconds=2.780
WARNING:  slow_inference engine=gemma priority=partial utterance_id=45 queue_seconds=0.520 inference_seconds=0.533
WARNING:  slow_caption stage=asr priority=partial utterance_id=45 elapsed_seconds=1.054 audio_seconds=0.560
WARNING:  slow_inference engine=gemma priority=None utterance_id=None queue_seconds=0.532 inference_seconds=0.583
INFO:     final_commit reason=silero_end utterance_id=45 audio_seconds=2.740
WARNING:  slow_inference engine=gemma priority=final utterance_id=45 queue_seconds=0.253 inference_seconds=1.229
WARNING:  slow_caption stage=asr priority=final utterance_id=45 elapsed_seconds=1.483 audio_seconds=2.740
WARNING:  slow_inference engine=gemma priority=partial utterance_id=46 queue_seconds=0.494 inference_seconds=0.536
WARNING:  slow_caption stage=asr priority=partial utterance_id=46 elapsed_seconds=1.031 audio_seconds=0.560
WARNING:  slow_inference engine=gemma priority=None utterance_id=None queue_seconds=0.536 inference_seconds=0.624
INFO:     final_commit reason=silero_end utterance_id=46 audio_seconds=2.760
WARNING:  slow_inference engine=gemma priority=final utterance_id=46 queue_seconds=0.255 inference_seconds=1.129
WARNING:  slow_caption stage=asr priority=final utterance_id=46 elapsed_seconds=1.385 audio_seconds=2.760
WARNING:  slow_inference engine=gemma priority=partial utterance_id=47 queue_seconds=0.361 inference_seconds=0.642
WARNING:  slow_caption stage=asr priority=partial utterance_id=47 elapsed_seconds=1.004 audio_seconds=0.580
WARNING:  slow_inference engine=gemma priority=None utterance_id=None queue_seconds=0.642 inference_seconds=0.579
INFO:     final_commit reason=silero_end utterance_id=47 audio_seconds=2.480
WARNING:  slow_inference engine=gemma priority=final utterance_id=47 queue_seconds=0.406 inference_seconds=1.117
WARNING:  slow_caption stage=asr priority=final utterance_id=47 elapsed_seconds=1.524 audio_seconds=2.480
WARNING:  slow_inference engine=gemma priority=partial utterance_id=48 queue_seconds=0.576 inference_seconds=0.539
WARNING:  slow_caption stage=asr priority=partial utterance_id=48 elapsed_seconds=1.115 audio_seconds=0.560
WARNING:  slow_inference engine=gemma priority=None utterance_id=None queue_seconds=0.538 inference_seconds=0.485
INFO:     final_commit reason=silero_end utterance_id=48 audio_seconds=2.800
WARNING:  slow_inference engine=gemma priority=final utterance_id=48 queue_seconds=0.125 inference_seconds=1.166
WARNING:  slow_caption stage=asr priority=final utterance_id=48 elapsed_seconds=1.291 audio_seconds=2.800
WARNING:  slow_inference engine=gemma priority=partial utterance_id=49 queue_seconds=0.651 inference_seconds=0.534
WARNING:  slow_caption stage=asr priority=partial utterance_id=49 elapsed_seconds=1.185 audio_seconds=0.560
WARNING:  slow_inference engine=gemma priority=None utterance_id=None queue_seconds=0.534 inference_seconds=0.589
INFO:     final_commit reason=silero_end utterance_id=49 audio_seconds=2.760
WARNING:  slow_inference engine=gemma priority=final utterance_id=49 queue_seconds=0.371 inference_seconds=1.226
WARNING:  slow_caption stage=asr priority=final utterance_id=49 elapsed_seconds=1.598 audio_seconds=2.760
WARNING:  slow_inference engine=gemma priority=partial utterance_id=50 queue_seconds=0.609 inference_seconds=0.537
WARNING:  slow_caption stage=asr priority=partial utterance_id=50 elapsed_seconds=1.146 audio_seconds=0.560
WARNING:  slow_inference engine=gemma priority=None utterance_id=None queue_seconds=0.536 inference_seconds=0.617
INFO:     final_commit reason=silero_end utterance_id=50 audio_seconds=2.780
WARNING:  slow_inference engine=gemma priority=final utterance_id=50 queue_seconds=0.346 inference_seconds=1.136
WARNING:  slow_caption stage=asr priority=final utterance_id=50 elapsed_seconds=1.483 audio_seconds=2.780
WARNING:  slow_inference engine=gemma priority=partial utterance_id=51 queue_seconds=0.464 inference_seconds=0.644
WARNING:  slow_caption stage=asr priority=partial utterance_id=51 elapsed_seconds=1.109 audio_seconds=0.580
WARNING:  slow_inference engine=gemma priority=None utterance_id=None queue_seconds=0.644 inference_seconds=0.579
INFO:     final_commit reason=silero_end utterance_id=51 audio_seconds=2.480
WARNING:  slow_inference engine=gemma priority=final utterance_id=51 queue_seconds=0.054 inference_seconds=1.140
WARNING:  slow_caption stage=asr priority=final utterance_id=51 elapsed_seconds=1.195 audio_seconds=2.480
WARNING:  slow_inference engine=gemma priority=None utterance_id=None queue_seconds=0.549 inference_seconds=0.499
INFO:     final_commit reason=silero_end utterance_id=52 audio_seconds=2.780
WARNING:  slow_inference engine=gemma priority=final utterance_id=52 queue_seconds=0.019 inference_seconds=1.178
WARNING:  slow_caption stage=asr priority=final utterance_id=52 elapsed_seconds=1.198 audio_seconds=2.780
WARNING:  slow_inference engine=gemma priority=partial utterance_id=53 queue_seconds=0.556 inference_seconds=0.544
WARNING:  slow_caption stage=asr priority=partial utterance_id=53 elapsed_seconds=1.100 audio_seconds=0.560
WARNING:  slow_inference engine=gemma priority=None utterance_id=None queue_seconds=0.543 inference_seconds=0.577
INFO:     final_commit reason=silero_end utterance_id=53 audio_seconds=2.760
WARNING:  slow_inference engine=gemma priority=final utterance_id=53 queue_seconds=0.286 inference_seconds=1.231
WARNING:  slow_caption stage=asr priority=final utterance_id=53 elapsed_seconds=1.518 audio_seconds=2.760
WARNING:  slow_inference engine=gemma priority=partial utterance_id=54 queue_seconds=0.543 inference_seconds=0.541
WARNING:  slow_caption stage=asr priority=partial utterance_id=54 elapsed_seconds=1.084 audio_seconds=0.560
WARNING:  slow_inference engine=gemma priority=None utterance_id=None queue_seconds=0.540 inference_seconds=0.618
INFO:     final_commit reason=silero_end utterance_id=54 audio_seconds=2.780
WARNING:  slow_inference engine=gemma priority=final utterance_id=54 queue_seconds=0.279 inference_seconds=1.122
WARNING:  slow_caption stage=asr priority=final utterance_id=54 elapsed_seconds=1.401 audio_seconds=2.780
WARNING:  slow_inference engine=gemma priority=None utterance_id=None queue_seconds=0.533 inference_seconds=0.576
INFO:     final_commit reason=silero_end utterance_id=55 audio_seconds=2.500
WARNING:  slow_inference engine=gemma priority=final utterance_id=55 queue_seconds=0.327 inference_seconds=1.118
WARNING:  slow_caption stage=asr priority=final utterance_id=55 elapsed_seconds=1.446 audio_seconds=2.500
WARNING:  slow_inference engine=gemma priority=partial utterance_id=56 queue_seconds=0.470 inference_seconds=0.546
WARNING:  slow_caption stage=asr priority=partial utterance_id=56 elapsed_seconds=1.017 audio_seconds=0.560
WARNING:  slow_inference engine=gemma priority=None utterance_id=None queue_seconds=0.546 inference_seconds=0.492
INFO:     final_commit reason=silero_end utterance_id=56 audio_seconds=2.780
WARNING:  slow_inference engine=gemma priority=final utterance_id=56 queue_seconds=0.040 inference_seconds=1.160
WARNING:  slow_caption stage=asr priority=final utterance_id=56 elapsed_seconds=1.202 audio_seconds=2.780
WARNING:  slow_inference engine=gemma priority=partial utterance_id=57 queue_seconds=0.541 inference_seconds=0.538
WARNING:  slow_caption stage=asr priority=partial utterance_id=57 elapsed_seconds=1.080 audio_seconds=0.560
WARNING:  slow_inference engine=gemma priority=None utterance_id=None queue_seconds=0.538 inference_seconds=0.579
INFO:     final_commit reason=silero_end utterance_id=57 audio_seconds=2.740
WARNING:  slow_inference engine=gemma priority=final utterance_id=57 queue_seconds=0.277 inference_seconds=1.227
WARNING:  slow_caption stage=asr priority=final utterance_id=57 elapsed_seconds=1.504 audio_seconds=2.740
WARNING:  slow_inference engine=gemma priority=partial utterance_id=58 queue_seconds=0.529 inference_seconds=0.543
WARNING:  slow_caption stage=asr priority=partial utterance_id=58 elapsed_seconds=1.072 audio_seconds=0.560
WARNING:  slow_inference engine=gemma priority=None utterance_id=None queue_seconds=0.543 inference_seconds=0.612
INFO:     final_commit reason=silero_end utterance_id=58 audio_seconds=2.780
WARNING:  slow_inference engine=gemma priority=final utterance_id=58 queue_seconds=0.278 inference_seconds=1.133
WARNING:  slow_caption stage=asr priority=final utterance_id=58 elapsed_seconds=1.412 audio_seconds=2.780
WARNING:  slow_inference engine=gemma priority=partial utterance_id=59 queue_seconds=0.394 inference_seconds=0.642
WARNING:  slow_caption stage=asr priority=partial utterance_id=59 elapsed_seconds=1.036 audio_seconds=0.580
WARNING:  slow_inference engine=gemma priority=None utterance_id=None queue_seconds=0.642 inference_seconds=0.585
INFO:     final_commit reason=silero_end utterance_id=59 audio_seconds=2.480
WARNING:  slow_inference engine=gemma priority=final utterance_id=59 queue_seconds=0.000 inference_seconds=1.130
WARNING:  slow_caption stage=asr priority=final utterance_id=59 elapsed_seconds=1.131 audio_seconds=2.480
WARNING:  slow_inference engine=gemma priority=None utterance_id=None queue_seconds=0.538 inference_seconds=0.487
INFO:     final_commit reason=silero_end utterance_id=60 audio_seconds=2.780
WARNING:  slow_inference engine=gemma priority=final utterance_id=60 queue_seconds=0.029 inference_seconds=1.161
WARNING:  slow_caption stage=asr priority=final utterance_id=60 elapsed_seconds=1.191 audio_seconds=2.780
WARNING:  slow_inference engine=gemma priority=partial utterance_id=61 queue_seconds=0.530 inference_seconds=0.543
WARNING:  slow_caption stage=asr priority=partial utterance_id=61 elapsed_seconds=1.073 audio_seconds=0.560
WARNING:  slow_inference engine=gemma priority=None utterance_id=None queue_seconds=0.542 inference_seconds=0.575
INFO:     final_commit reason=silero_end utterance_id=61 audio_seconds=2.740
WARNING:  slow_inference engine=gemma priority=final utterance_id=61 queue_seconds=0.281 inference_seconds=1.222
WARNING:  slow_caption stage=asr priority=final utterance_id=61 elapsed_seconds=1.503 audio_seconds=2.740
WARNING:  slow_inference engine=gemma priority=partial utterance_id=62 queue_seconds=0.513 inference_seconds=0.543
WARNING:  slow_caption stage=asr priority=partial utterance_id=62 elapsed_seconds=1.057 audio_seconds=0.560
WARNING:  slow_inference engine=gemma priority=None utterance_id=None queue_seconds=0.543 inference_seconds=0.613
INFO:     final_commit reason=silero_end utterance_id=62 audio_seconds=2.760
WARNING:  slow_inference engine=gemma priority=final utterance_id=62 queue_seconds=0.243 inference_seconds=1.126
WARNING:  slow_caption stage=asr priority=final utterance_id=62 elapsed_seconds=1.370 audio_seconds=2.760
WARNING:  slow_inference engine=gemma priority=None utterance_id=None queue_seconds=0.645 inference_seconds=0.581
INFO:     final_commit reason=silero_end utterance_id=63 audio_seconds=2.480
WARNING:  slow_inference engine=gemma priority=final utterance_id=63 queue_seconds=0.389 inference_seconds=1.116
WARNING:  slow_caption stage=asr priority=final utterance_id=63 elapsed_seconds=1.506 audio_seconds=2.480
WARNING:  slow_inference engine=gemma priority=partial utterance_id=64 queue_seconds=0.548 inference_seconds=0.536
WARNING:  slow_caption stage=asr priority=partial utterance_id=64 elapsed_seconds=1.085 audio_seconds=0.560
WARNING:  slow_inference engine=gemma priority=None utterance_id=None queue_seconds=0.536 inference_seconds=0.493
INFO:     final_commit reason=silero_end utterance_id=64 audio_seconds=2.800
WARNING:  slow_inference engine=gemma priority=final utterance_id=64 queue_seconds=0.114 inference_seconds=1.173
WARNING:  slow_caption stage=asr priority=final utterance_id=64 elapsed_seconds=1.288 audio_seconds=2.800
WARNING:  slow_inference engine=gemma priority=partial utterance_id=65 queue_seconds=0.638 inference_seconds=0.536
WARNING:  slow_caption stage=asr priority=partial utterance_id=65 elapsed_seconds=1.174 audio_seconds=0.560
WARNING:  slow_inference engine=gemma priority=None utterance_id=None queue_seconds=0.535 inference_seconds=0.576
INFO:     final_commit reason=silero_end utterance_id=65 audio_seconds=2.760
WARNING:  slow_inference engine=gemma priority=final utterance_id=65 queue_seconds=0.341 inference_seconds=1.226
WARNING:  slow_caption stage=asr priority=final utterance_id=65 elapsed_seconds=1.567 audio_seconds=2.760
WARNING:  slow_inference engine=gemma priority=partial utterance_id=66 queue_seconds=0.587 inference_seconds=0.542
WARNING:  slow_caption stage=asr priority=partial utterance_id=66 elapsed_seconds=1.129 audio_seconds=0.560
WARNING:  slow_inference engine=gemma priority=None utterance_id=None queue_seconds=0.541 inference_seconds=0.620
INFO:     final_commit reason=silero_end utterance_id=66 audio_seconds=2.780
WARNING:  slow_inference engine=gemma priority=final utterance_id=66 queue_seconds=0.320 inference_seconds=1.121
WARNING:  slow_caption stage=asr priority=final utterance_id=66 elapsed_seconds=1.441 audio_seconds=2.780
WARNING:  slow_inference engine=gemma priority=partial utterance_id=67 queue_seconds=0.421 inference_seconds=0.647
WARNING:  slow_caption stage=asr priority=partial utterance_id=67 elapsed_seconds=1.069 audio_seconds=0.580
WARNING:  slow_inference engine=gemma priority=None utterance_id=None queue_seconds=0.647 inference_seconds=0.578
INFO:     final_commit reason=silero_end utterance_id=67 audio_seconds=2.480
WARNING:  slow_inference engine=gemma priority=final utterance_id=67 queue_seconds=0.034 inference_seconds=1.131
WARNING:  slow_caption stage=asr priority=final utterance_id=67 elapsed_seconds=1.165 audio_seconds=2.480
WARNING:  slow_inference engine=gemma priority=None utterance_id=None queue_seconds=0.551 inference_seconds=0.491
INFO:     final_commit reason=silero_end utterance_id=68 audio_seconds=2.780
WARNING:  slow_inference engine=gemma priority=final utterance_id=68 queue_seconds=0.047 inference_seconds=1.181
WARNING:  slow_caption stage=asr priority=final utterance_id=68 elapsed_seconds=1.229 audio_seconds=2.780
WARNING:  slow_inference engine=gemma priority=partial utterance_id=69 queue_seconds=0.582 inference_seconds=0.539
WARNING:  slow_caption stage=asr priority=partial utterance_id=69 elapsed_seconds=1.122 audio_seconds=0.560
WARNING:  slow_inference engine=gemma priority=None utterance_id=None queue_seconds=0.539 inference_seconds=0.577
INFO:     final_commit reason=silero_end utterance_id=69 audio_seconds=2.760
WARNING:  slow_inference engine=gemma priority=final utterance_id=69 queue_seconds=0.298 inference_seconds=1.232
WARNING:  slow_caption stage=asr priority=final utterance_id=69 elapsed_seconds=1.530 audio_seconds=2.760
WARNING:  slow_inference engine=gemma priority=partial utterance_id=70 queue_seconds=0.559 inference_seconds=0.545
WARNING:  slow_caption stage=asr priority=partial utterance_id=70 elapsed_seconds=1.105 audio_seconds=0.560
WARNING:  slow_inference engine=gemma priority=None utterance_id=None queue_seconds=0.545 inference_seconds=0.621
INFO:     final_commit reason=silero_end utterance_id=70 audio_seconds=2.780
WARNING:  slow_inference engine=gemma priority=final utterance_id=70 queue_seconds=0.285 inference_seconds=1.124
WARNING:  slow_caption stage=asr priority=final utterance_id=70 elapsed_seconds=1.410 audio_seconds=2.780
WARNING:  slow_inference engine=gemma priority=None utterance_id=None queue_seconds=0.547 inference_seconds=0.580
INFO:     final_commit reason=silero_end utterance_id=71 audio_seconds=2.500
WARNING:  slow_inference engine=gemma priority=final utterance_id=71 queue_seconds=0.320 inference_seconds=1.124
WARNING:  slow_caption stage=asr priority=final utterance_id=71 elapsed_seconds=1.444 audio_seconds=2.500
WARNING:  slow_inference engine=gemma priority=partial utterance_id=72 queue_seconds=0.471 inference_seconds=0.538
WARNING:  slow_caption stage=asr priority=partial utterance_id=72 elapsed_seconds=1.010 audio_seconds=0.560
WARNING:  slow_inference engine=gemma priority=None utterance_id=None queue_seconds=0.538 inference_seconds=0.493
INFO:     final_commit reason=silero_end utterance_id=72 audio_seconds=2.780
WARNING:  slow_inference engine=gemma priority=final utterance_id=72 queue_seconds=0.039 inference_seconds=1.157
WARNING:  slow_caption stage=asr priority=final utterance_id=72 elapsed_seconds=1.197 audio_seconds=2.780
WARNING:  slow_inference engine=gemma priority=partial utterance_id=73 queue_seconds=0.539 inference_seconds=0.543
WARNING:  slow_caption stage=asr priority=partial utterance_id=73 elapsed_seconds=1.082 audio_seconds=0.560
WARNING:  slow_inference engine=gemma priority=None utterance_id=None queue_seconds=0.542 inference_seconds=0.581
INFO:     final_commit reason=silero_end utterance_id=73 audio_seconds=2.740
WARNING:  slow_inference engine=gemma priority=final utterance_id=73 queue_seconds=0.278 inference_seconds=1.225
WARNING:  slow_caption stage=asr priority=final utterance_id=73 elapsed_seconds=1.504 audio_seconds=2.740
