INFO:     Started server process [95351]
INFO:     Waiting for application startup.
INFO  HTTP Request: GET https://huggingface.co/api/models/mlx-community/gemma-4-e4b-it-8bit/revision/main "HTTP/1.1 200 OK"

Fetching 9 files:   0%|          | 0/9 [00:00<?, ?it/s]
Fetching 9 files: 100%|██████████| 9/9 [00:00<00:00, 24197.91it/s]
/Users/ed/Documents/GitHub/livetra/app/backend/.venv/lib/python3.14/site-packages/transformers/audio_utils.py:821: UserWarning: At least one mel filter has all zero values. The value for `num_mel_filters` (128) may be set too high. Or, the value for `num_frequency_bins` (257) may be set too low.
  warnings.warn(
INFO:     Application startup complete.
INFO:     Uvicorn running on http://127.0.0.1:8766 (Press CTRL+C to quit)
INFO:     127.0.0.1:57231 - "GET /health HTTP/1.1" 200 OK
INFO:     127.0.0.1:57232 - "WebSocket /" [accepted]
INFO:     connection open
INFO:     final_commit reason=silero_end utterance_id=1 audio_seconds=3.020 promoted=False
WARNING:  slow_inference engine=gemma priority=partial utterance_id=1 queue_seconds=0.000 inference_seconds=1.034
WARNING:  slow_caption stage=asr priority=partial utterance_id=1 elapsed_seconds=1.035 audio_seconds=2.140
WARNING:  slow_inference engine=gemma priority=final utterance_id=1 queue_seconds=0.055 inference_seconds=1.378
WARNING:  slow_caption stage=asr priority=final utterance_id=1 elapsed_seconds=1.433 audio_seconds=3.020
WARNING:  slow_inference engine=gemma priority=partial utterance_id=2 queue_seconds=0.814 inference_seconds=0.537
WARNING:  slow_caption stage=asr priority=partial utterance_id=2 elapsed_seconds=1.351 audio_seconds=0.560
INFO:     final_commit reason=silero_end utterance_id=2 audio_seconds=3.140 promoted=False
WARNING:  slow_inference engine=gemma priority=final utterance_id=2 queue_seconds=0.044 inference_seconds=1.398
WARNING:  slow_caption stage=asr priority=final utterance_id=2 elapsed_seconds=1.442 audio_seconds=3.140
WARNING:  slow_inference engine=gemma priority=partial utterance_id=3 queue_seconds=0.822 inference_seconds=0.642
WARNING:  slow_caption stage=asr priority=partial utterance_id=3 elapsed_seconds=1.465 audio_seconds=0.560
INFO:     final_commit reason=silero_end utterance_id=3 audio_seconds=3.060 promoted=False
WARNING:  slow_inference engine=gemma priority=final utterance_id=3 queue_seconds=0.045 inference_seconds=1.514
WARNING:  slow_caption stage=asr priority=final utterance_id=3 elapsed_seconds=1.560 audio_seconds=3.060
WARNING:  slow_inference engine=gemma priority=partial utterance_id=4 queue_seconds=0.964 inference_seconds=0.555
WARNING:  slow_caption stage=asr priority=partial utterance_id=4 elapsed_seconds=1.519 audio_seconds=0.560
WARNING:  slow_inference engine=gemma priority=partial utterance_id=4 queue_seconds=0.000 inference_seconds=1.090
WARNING:  slow_caption stage=asr priority=partial utterance_id=4 elapsed_seconds=1.091 audio_seconds=2.340
INFO:     final_commit reason=silero_end utterance_id=4 audio_seconds=3.960 promoted=False
WARNING:  slow_inference engine=gemma priority=final utterance_id=4 queue_seconds=0.000 inference_seconds=1.642
WARNING:  slow_caption stage=asr priority=final utterance_id=4 elapsed_seconds=1.643 audio_seconds=3.960
WARNING:  slow_inference engine=gemma priority=partial utterance_id=5 queue_seconds=1.268 inference_seconds=0.530
WARNING:  slow_caption stage=asr priority=partial utterance_id=5 elapsed_seconds=1.798 audio_seconds=0.560
WARNING:  slow_inference engine=gemma priority=partial utterance_id=5 queue_seconds=0.000 inference_seconds=1.157
WARNING:  slow_caption stage=asr priority=partial utterance_id=5 elapsed_seconds=1.158 audio_seconds=2.320
INFO:     final_commit reason=silero_end utterance_id=5 audio_seconds=3.780 promoted=False
WARNING:  slow_inference engine=gemma priority=final utterance_id=5 queue_seconds=0.000 inference_seconds=1.550
WARNING:  slow_caption stage=asr priority=final utterance_id=5 elapsed_seconds=1.551 audio_seconds=3.780
WARNING:  slow_inference engine=gemma priority=partial utterance_id=6 queue_seconds=0.929 inference_seconds=0.549
WARNING:  slow_caption stage=asr priority=partial utterance_id=6 elapsed_seconds=1.479 audio_seconds=0.560
INFO:     final_commit reason=silero_end utterance_id=6 audio_seconds=3.340 promoted=False
WARNING:  slow_inference engine=gemma priority=partial utterance_id=6 queue_seconds=0.000 inference_seconds=1.174
WARNING:  slow_caption stage=asr priority=partial utterance_id=6 elapsed_seconds=1.174 audio_seconds=2.320
WARNING:  slow_inference engine=gemma priority=final utterance_id=6 queue_seconds=0.004 inference_seconds=1.416
WARNING:  slow_caption stage=asr priority=final utterance_id=6 elapsed_seconds=1.420 audio_seconds=3.340
WARNING:  slow_inference engine=gemma priority=partial utterance_id=7 queue_seconds=0.784 inference_seconds=0.576
WARNING:  slow_caption stage=asr priority=partial utterance_id=7 elapsed_seconds=1.362 audio_seconds=0.560
WARNING:  slow_inference engine=gemma priority=partial utterance_id=7 queue_seconds=0.000 inference_seconds=1.140
WARNING:  slow_caption stage=asr priority=partial utterance_id=7 elapsed_seconds=1.141 audio_seconds=2.320
INFO:     final_commit reason=silero_end utterance_id=7 audio_seconds=3.820 promoted=False
WARNING:  slow_inference engine=gemma priority=final utterance_id=7 queue_seconds=0.000 inference_seconds=1.473
WARNING:  slow_caption stage=asr priority=final utterance_id=7 elapsed_seconds=1.474 audio_seconds=3.820
WARNING:  slow_inference engine=gemma priority=partial utterance_id=8 queue_seconds=0.875 inference_seconds=0.568
WARNING:  slow_caption stage=asr priority=partial utterance_id=8 elapsed_seconds=1.444 audio_seconds=0.560
INFO:     final_commit reason=silero_end utterance_id=8 audio_seconds=3.480 promoted=False
WARNING:  slow_inference engine=gemma priority=final utterance_id=8 queue_seconds=0.000 inference_seconds=1.360
WARNING:  slow_caption stage=asr priority=final utterance_id=8 elapsed_seconds=1.361 audio_seconds=3.480
INFO:     final_commit reason=silero_end utterance_id=9 audio_seconds=3.220 promoted=False
WARNING:  slow_inference engine=gemma priority=partial utterance_id=9 queue_seconds=0.000 inference_seconds=1.070
WARNING:  slow_caption stage=asr priority=partial utterance_id=9 elapsed_seconds=1.070 audio_seconds=2.300
WARNING:  slow_inference engine=gemma priority=final utterance_id=9 queue_seconds=0.051 inference_seconds=1.424
WARNING:  slow_caption stage=asr priority=final utterance_id=9 elapsed_seconds=1.475 audio_seconds=3.220
WARNING:  slow_inference engine=gemma priority=partial utterance_id=10 queue_seconds=0.878 inference_seconds=0.537
WARNING:  slow_caption stage=asr priority=partial utterance_id=10 elapsed_seconds=1.416 audio_seconds=0.560
INFO:     final_commit reason=silero_end utterance_id=10 audio_seconds=3.160 promoted=False
WARNING:  slow_inference engine=gemma priority=final utterance_id=10 queue_seconds=0.024 inference_seconds=1.389
WARNING:  slow_caption stage=asr priority=final utterance_id=10 elapsed_seconds=1.413 audio_seconds=3.160
WARNING:  slow_inference engine=gemma priority=partial utterance_id=11 queue_seconds=0.818 inference_seconds=0.576
WARNING:  slow_caption stage=asr priority=partial utterance_id=11 elapsed_seconds=1.394 audio_seconds=0.560
INFO:     final_commit reason=silero_end utterance_id=11 audio_seconds=3.080 promoted=False
WARNING:  slow_inference engine=gemma priority=final utterance_id=11 queue_seconds=0.047 inference_seconds=1.521
WARNING:  slow_caption stage=asr priority=final utterance_id=11 elapsed_seconds=1.569 audio_seconds=3.080
WARNING:  slow_inference engine=gemma priority=partial utterance_id=12 queue_seconds=0.968 inference_seconds=0.537
WARNING:  slow_caption stage=asr priority=partial utterance_id=12 elapsed_seconds=1.505 audio_seconds=0.560
WARNING:  slow_inference engine=gemma priority=partial utterance_id=12 queue_seconds=0.000 inference_seconds=1.094
WARNING:  slow_caption stage=asr priority=partial utterance_id=12 elapsed_seconds=1.095 audio_seconds=2.300
INFO:     final_commit reason=silero_end utterance_id=12 audio_seconds=3.960 promoted=False
WARNING:  slow_inference engine=gemma priority=final utterance_id=12 queue_seconds=0.000 inference_seconds=1.575
WARNING:  slow_caption stage=asr priority=final utterance_id=12 elapsed_seconds=1.575 audio_seconds=3.960
WARNING:  slow_inference engine=gemma priority=partial utterance_id=13 queue_seconds=1.200 inference_seconds=0.533
WARNING:  slow_caption stage=asr priority=partial utterance_id=13 elapsed_seconds=1.733 audio_seconds=0.560
WARNING:  slow_inference engine=gemma priority=partial utterance_id=13 queue_seconds=0.000 inference_seconds=1.169
WARNING:  slow_caption stage=asr priority=partial utterance_id=13 elapsed_seconds=1.170 audio_seconds=2.340
INFO:     final_commit reason=silero_end utterance_id=13 audio_seconds=3.780 promoted=False
WARNING:  slow_inference engine=gemma priority=final utterance_id=13 queue_seconds=0.000 inference_seconds=1.546
WARNING:  slow_caption stage=asr priority=final utterance_id=13 elapsed_seconds=1.547 audio_seconds=3.780
WARNING:  slow_inference engine=gemma priority=partial utterance_id=14 queue_seconds=0.951 inference_seconds=0.637
WARNING:  slow_caption stage=asr priority=partial utterance_id=14 elapsed_seconds=1.588 audio_seconds=0.560
INFO:     final_commit reason=silero_end utterance_id=14 audio_seconds=3.360 promoted=False
WARNING:  slow_inference engine=gemma priority=partial utterance_id=14 queue_seconds=0.000 inference_seconds=1.167
WARNING:  slow_caption stage=asr priority=partial utterance_id=14 elapsed_seconds=1.167 audio_seconds=2.340
WARNING:  slow_inference engine=gemma priority=final utterance_id=14 queue_seconds=0.028 inference_seconds=1.420
WARNING:  slow_caption stage=asr priority=final utterance_id=14 elapsed_seconds=1.449 audio_seconds=3.360
WARNING:  slow_inference engine=gemma priority=partial utterance_id=15 queue_seconds=0.806 inference_seconds=0.574
WARNING:  slow_caption stage=asr priority=partial utterance_id=15 elapsed_seconds=1.380 audio_seconds=0.560
WARNING:  slow_inference engine=gemma priority=partial utterance_id=15 queue_seconds=0.000 inference_seconds=1.125
WARNING:  slow_caption stage=asr priority=partial utterance_id=15 elapsed_seconds=1.126 audio_seconds=2.320
INFO:     final_commit reason=silero_end utterance_id=15 audio_seconds=3.820 promoted=False
WARNING:  slow_inference engine=gemma priority=final utterance_id=15 queue_seconds=0.000 inference_seconds=1.478
WARNING:  slow_caption stage=asr priority=final utterance_id=15 elapsed_seconds=1.478 audio_seconds=3.820
WARNING:  slow_inference engine=gemma priority=partial utterance_id=16 queue_seconds=0.904 inference_seconds=0.534
WARNING:  slow_caption stage=asr priority=partial utterance_id=16 elapsed_seconds=1.439 audio_seconds=0.560
WARNING:  slow_inference engine=gemma priority=partial utterance_id=16 queue_seconds=0.000 inference_seconds=1.000
WARNING:  slow_caption stage=asr priority=partial utterance_id=16 elapsed_seconds=1.001 audio_seconds=2.320
INFO:     final_commit reason=silero_end utterance_id=16 audio_seconds=3.500 promoted=False
WARNING:  slow_inference engine=gemma priority=final utterance_id=16 queue_seconds=0.000 inference_seconds=1.368
WARNING:  slow_caption stage=asr priority=final utterance_id=16 elapsed_seconds=1.369 audio_seconds=3.500
INFO:     final_commit reason=silero_end utterance_id=17 audio_seconds=3.220 promoted=False
WARNING:  slow_inference engine=gemma priority=partial utterance_id=17 queue_seconds=0.000 inference_seconds=1.067
WARNING:  slow_caption stage=asr priority=partial utterance_id=17 elapsed_seconds=1.067 audio_seconds=2.280
WARNING:  slow_inference engine=gemma priority=final utterance_id=17 queue_seconds=0.026 inference_seconds=1.422
WARNING:  slow_caption stage=asr priority=final utterance_id=17 elapsed_seconds=1.448 audio_seconds=3.220
WARNING:  slow_inference engine=gemma priority=partial utterance_id=18 queue_seconds=0.848 inference_seconds=0.540
WARNING:  slow_caption stage=asr priority=partial utterance_id=18 elapsed_seconds=1.388 audio_seconds=0.560
INFO:     final_commit reason=silero_end utterance_id=18 audio_seconds=3.160 promoted=False
WARNING:  slow_inference engine=gemma priority=final utterance_id=18 queue_seconds=0.022 inference_seconds=1.392
WARNING:  slow_caption stage=asr priority=final utterance_id=18 elapsed_seconds=1.414 audio_seconds=3.160
WARNING:  slow_inference engine=gemma priority=partial utterance_id=19 queue_seconds=0.817 inference_seconds=0.575
WARNING:  slow_caption stage=asr priority=partial utterance_id=19 elapsed_seconds=1.392 audio_seconds=0.560
INFO:     final_commit reason=silero_end utterance_id=19 audio_seconds=3.080 promoted=False
WARNING:  slow_inference engine=gemma priority=final utterance_id=19 queue_seconds=0.046 inference_seconds=1.504
WARNING:  slow_caption stage=asr priority=final utterance_id=19 elapsed_seconds=1.550 audio_seconds=3.080
WARNING:  slow_inference engine=gemma priority=partial utterance_id=20 queue_seconds=0.929 inference_seconds=0.536
WARNING:  slow_caption stage=asr priority=partial utterance_id=20 elapsed_seconds=1.466 audio_seconds=0.560
WARNING:  slow_inference engine=gemma priority=partial utterance_id=20 queue_seconds=0.000 inference_seconds=1.097
WARNING:  slow_caption stage=asr priority=partial utterance_id=20 elapsed_seconds=1.097 audio_seconds=2.340
INFO:     final_commit reason=silero_end utterance_id=20 audio_seconds=3.940 promoted=False
WARNING:  slow_inference engine=gemma priority=final utterance_id=20 queue_seconds=0.000 inference_seconds=1.584
WARNING:  slow_caption stage=asr priority=final utterance_id=20 elapsed_seconds=1.584 audio_seconds=3.940
WARNING:  slow_inference engine=gemma priority=partial utterance_id=21 queue_seconds=1.185 inference_seconds=0.539
WARNING:  slow_caption stage=asr priority=partial utterance_id=21 elapsed_seconds=1.724 audio_seconds=0.560
WARNING:  slow_inference engine=gemma priority=partial utterance_id=21 queue_seconds=0.000 inference_seconds=1.165
WARNING:  slow_caption stage=asr priority=partial utterance_id=21 elapsed_seconds=1.166 audio_seconds=2.340
INFO:     final_commit reason=silero_end utterance_id=21 audio_seconds=3.760 promoted=False
WARNING:  slow_inference engine=gemma priority=final utterance_id=21 queue_seconds=0.000 inference_seconds=1.550
WARNING:  slow_caption stage=asr priority=final utterance_id=21 elapsed_seconds=1.551 audio_seconds=3.760
WARNING:  slow_inference engine=gemma priority=partial utterance_id=22 queue_seconds=0.955 inference_seconds=0.636
WARNING:  slow_caption stage=asr priority=partial utterance_id=22 elapsed_seconds=1.590 audio_seconds=0.560
INFO:     final_commit reason=silero_end utterance_id=22 audio_seconds=3.360 promoted=False
WARNING:  slow_inference engine=gemma priority=partial utterance_id=22 queue_seconds=0.000 inference_seconds=1.167
WARNING:  slow_caption stage=asr priority=partial utterance_id=22 elapsed_seconds=1.167 audio_seconds=2.340
WARNING:  slow_inference engine=gemma priority=final utterance_id=22 queue_seconds=0.037 inference_seconds=1.429
WARNING:  slow_caption stage=asr priority=final utterance_id=22 elapsed_seconds=1.466 audio_seconds=3.360
WARNING:  slow_inference engine=gemma priority=partial utterance_id=23 queue_seconds=0.853 inference_seconds=0.573
WARNING:  slow_caption stage=asr priority=partial utterance_id=23 elapsed_seconds=1.427 audio_seconds=0.560
WARNING:  slow_inference engine=gemma priority=partial utterance_id=23 queue_seconds=0.000 inference_seconds=1.124
WARNING:  slow_caption stage=asr priority=partial utterance_id=23 elapsed_seconds=1.125 audio_seconds=2.320
INFO:     final_commit reason=silero_end utterance_id=23 audio_seconds=3.840 promoted=False
WARNING:  slow_inference engine=gemma priority=final utterance_id=23 queue_seconds=0.000 inference_seconds=1.470
WARNING:  slow_caption stage=asr priority=final utterance_id=23 elapsed_seconds=1.471 audio_seconds=3.840
WARNING:  slow_inference engine=gemma priority=partial utterance_id=24 queue_seconds=0.878 inference_seconds=0.572
WARNING:  slow_caption stage=asr priority=partial utterance_id=24 elapsed_seconds=1.451 audio_seconds=0.560
WARNING:  slow_inference engine=gemma priority=partial utterance_id=24 queue_seconds=0.000 inference_seconds=1.050
WARNING:  slow_caption stage=asr priority=partial utterance_id=24 elapsed_seconds=1.051 audio_seconds=2.340
INFO:     final_commit reason=silero_end utterance_id=24 audio_seconds=3.480 promoted=False
WARNING:  slow_inference engine=gemma priority=final utterance_id=24 queue_seconds=0.000 inference_seconds=1.358
WARNING:  slow_caption stage=asr priority=final utterance_id=24 elapsed_seconds=1.359 audio_seconds=3.480
INFO:     final_commit reason=silero_end utterance_id=25 audio_seconds=3.240 promoted=False
WARNING:  slow_inference engine=gemma priority=partial utterance_id=25 queue_seconds=0.000 inference_seconds=1.062
WARNING:  slow_caption stage=asr priority=partial utterance_id=25 elapsed_seconds=1.062 audio_seconds=2.320
WARNING:  slow_inference engine=gemma priority=final utterance_id=25 queue_seconds=0.043 inference_seconds=1.427
WARNING:  slow_caption stage=asr priority=final utterance_id=25 elapsed_seconds=1.472 audio_seconds=3.240
WARNING:  slow_inference engine=gemma priority=partial utterance_id=26 queue_seconds=0.858 inference_seconds=0.535
WARNING:  slow_caption stage=asr priority=partial utterance_id=26 elapsed_seconds=1.393 audio_seconds=0.560
INFO:     final_commit reason=silero_end utterance_id=26 audio_seconds=3.140 promoted=False
WARNING:  slow_inference engine=gemma priority=final utterance_id=26 queue_seconds=0.048 inference_seconds=1.388
WARNING:  slow_caption stage=asr priority=final utterance_id=26 elapsed_seconds=1.436 audio_seconds=3.140
WARNING:  slow_inference engine=gemma priority=partial utterance_id=27 queue_seconds=0.859 inference_seconds=0.538
WARNING:  slow_caption stage=asr priority=partial utterance_id=27 elapsed_seconds=1.397 audio_seconds=0.560
INFO:     final_commit reason=silero_end utterance_id=27 audio_seconds=3.100 promoted=False
WARNING:  slow_inference engine=gemma priority=final utterance_id=27 queue_seconds=0.048 inference_seconds=1.561
WARNING:  slow_caption stage=asr priority=final utterance_id=27 elapsed_seconds=1.610 audio_seconds=3.100
WARNING:  slow_inference engine=gemma priority=partial utterance_id=28 queue_seconds=1.008 inference_seconds=0.552
WARNING:  slow_caption stage=asr priority=partial utterance_id=28 elapsed_seconds=1.560 audio_seconds=0.560
WARNING:  slow_inference engine=gemma priority=partial utterance_id=28 queue_seconds=0.000 inference_seconds=1.094
WARNING:  slow_caption stage=asr priority=partial utterance_id=28 elapsed_seconds=1.094 audio_seconds=2.340
INFO:     final_commit reason=silero_end utterance_id=28 audio_seconds=3.960 promoted=False
WARNING:  slow_inference engine=gemma priority=final utterance_id=28 queue_seconds=0.000 inference_seconds=1.622
WARNING:  slow_caption stage=asr priority=final utterance_id=28 elapsed_seconds=1.622 audio_seconds=3.960
WARNING:  slow_inference engine=gemma priority=partial utterance_id=29 queue_seconds=1.249 inference_seconds=0.537
WARNING:  slow_caption stage=asr priority=partial utterance_id=29 elapsed_seconds=1.787 audio_seconds=0.560
WARNING:  slow_inference engine=gemma priority=partial utterance_id=29 queue_seconds=0.000 inference_seconds=1.165
WARNING:  slow_caption stage=asr priority=partial utterance_id=29 elapsed_seconds=1.166 audio_seconds=2.320
INFO:     final_commit reason=silero_end utterance_id=29 audio_seconds=3.780 promoted=False
WARNING:  slow_inference engine=gemma priority=final utterance_id=29 queue_seconds=0.000 inference_seconds=1.567
WARNING:  slow_caption stage=asr priority=final utterance_id=29 elapsed_seconds=1.567 audio_seconds=3.780
WARNING:  slow_inference engine=gemma priority=partial utterance_id=30 queue_seconds=0.997 inference_seconds=0.535
WARNING:  slow_caption stage=asr priority=partial utterance_id=30 elapsed_seconds=1.532 audio_seconds=0.560
WARNING:  slow_inference engine=gemma priority=partial utterance_id=30 queue_seconds=0.000 inference_seconds=1.152
WARNING:  slow_caption stage=asr priority=partial utterance_id=30 elapsed_seconds=1.153 audio_seconds=2.320
INFO:     final_commit reason=silero_end utterance_id=30 audio_seconds=3.380 promoted=False
WARNING:  slow_inference engine=gemma priority=final utterance_id=30 queue_seconds=0.000 inference_seconds=1.427
WARNING:  slow_caption stage=asr priority=final utterance_id=30 elapsed_seconds=1.428 audio_seconds=3.380
WARNING:  slow_inference engine=gemma priority=partial utterance_id=31 queue_seconds=0.784 inference_seconds=0.567
WARNING:  slow_caption stage=asr priority=partial utterance_id=31 elapsed_seconds=1.351 audio_seconds=0.560
WARNING:  slow_inference engine=gemma priority=partial utterance_id=31 queue_seconds=0.000 inference_seconds=1.117
WARNING:  slow_caption stage=asr priority=partial utterance_id=31 elapsed_seconds=1.118 audio_seconds=2.320
INFO:     final_commit reason=silero_end utterance_id=31 audio_seconds=3.820 promoted=False
WARNING:  slow_inference engine=gemma priority=final utterance_id=31 queue_seconds=0.001 inference_seconds=1.483
WARNING:  slow_caption stage=asr priority=final utterance_id=31 elapsed_seconds=1.484 audio_seconds=3.820
WARNING:  slow_inference engine=gemma priority=partial utterance_id=32 queue_seconds=0.876 inference_seconds=0.571
WARNING:  slow_caption stage=asr priority=partial utterance_id=32 elapsed_seconds=1.448 audio_seconds=0.560
WARNING:  slow_inference engine=gemma priority=partial utterance_id=32 queue_seconds=0.000 inference_seconds=1.001
WARNING:  slow_caption stage=asr priority=partial utterance_id=32 elapsed_seconds=1.002 audio_seconds=2.320
INFO:     final_commit reason=silero_end utterance_id=32 audio_seconds=3.480 promoted=False
WARNING:  slow_inference engine=gemma priority=final utterance_id=32 queue_seconds=0.000 inference_seconds=1.368
WARNING:  slow_caption stage=asr priority=final utterance_id=32 elapsed_seconds=1.369 audio_seconds=3.480
INFO:     final_commit reason=silero_end utterance_id=33 audio_seconds=3.220 promoted=False
WARNING:  slow_inference engine=gemma priority=partial utterance_id=33 queue_seconds=0.002 inference_seconds=1.065
WARNING:  slow_caption stage=asr priority=partial utterance_id=33 elapsed_seconds=1.067 audio_seconds=2.300
WARNING:  slow_inference engine=gemma priority=final utterance_id=33 queue_seconds=0.043 inference_seconds=1.435
WARNING:  slow_caption stage=asr priority=final utterance_id=33 elapsed_seconds=1.479 audio_seconds=3.220
WARNING:  slow_inference engine=gemma priority=partial utterance_id=34 queue_seconds=0.879 inference_seconds=0.537
WARNING:  slow_caption stage=asr priority=partial utterance_id=34 elapsed_seconds=1.417 audio_seconds=0.560
INFO:     final_commit reason=silero_end utterance_id=34 audio_seconds=3.160 promoted=False
WARNING:  slow_inference engine=gemma priority=final utterance_id=34 queue_seconds=0.025 inference_seconds=1.387
WARNING:  slow_caption stage=asr priority=final utterance_id=34 elapsed_seconds=1.413 audio_seconds=3.160
WARNING:  slow_inference engine=gemma priority=partial utterance_id=35 queue_seconds=0.816 inference_seconds=0.571
WARNING:  slow_caption stage=asr priority=partial utterance_id=35 elapsed_seconds=1.387 audio_seconds=0.560
INFO:     final_commit reason=silero_end utterance_id=35 audio_seconds=3.080 promoted=False
WARNING:  slow_inference engine=gemma priority=final utterance_id=35 queue_seconds=0.053 inference_seconds=1.505
WARNING:  slow_caption stage=asr priority=final utterance_id=35 elapsed_seconds=1.559 audio_seconds=3.080
WARNING:  slow_inference engine=gemma priority=partial utterance_id=36 queue_seconds=0.960 inference_seconds=0.534
WARNING:  slow_caption stage=asr priority=partial utterance_id=36 elapsed_seconds=1.494 audio_seconds=0.560
WARNING:  slow_inference engine=gemma priority=partial utterance_id=36 queue_seconds=0.000 inference_seconds=1.100
WARNING:  slow_caption stage=asr priority=partial utterance_id=36 elapsed_seconds=1.101 audio_seconds=2.340
INFO:     final_commit reason=silero_end utterance_id=36 audio_seconds=3.960 promoted=False
WARNING:  slow_inference engine=gemma priority=final utterance_id=36 queue_seconds=0.000 inference_seconds=1.584
WARNING:  slow_caption stage=asr priority=final utterance_id=36 elapsed_seconds=1.584 audio_seconds=3.960
WARNING:  slow_inference engine=gemma priority=partial utterance_id=37 queue_seconds=1.187 inference_seconds=0.542
WARNING:  slow_caption stage=asr priority=partial utterance_id=37 elapsed_seconds=1.729 audio_seconds=0.560
WARNING:  slow_inference engine=gemma priority=partial utterance_id=37 queue_seconds=0.000 inference_seconds=1.162
WARNING:  slow_caption stage=asr priority=partial utterance_id=37 elapsed_seconds=1.163 audio_seconds=2.360
INFO:     final_commit reason=silero_end utterance_id=37 audio_seconds=3.760 promoted=False
WARNING:  slow_inference engine=gemma priority=final utterance_id=37 queue_seconds=0.000 inference_seconds=1.546
WARNING:  slow_caption stage=asr priority=final utterance_id=37 elapsed_seconds=1.546 audio_seconds=3.760
WARNING:  slow_inference engine=gemma priority=partial utterance_id=38 queue_seconds=0.949 inference_seconds=0.648
WARNING:  slow_caption stage=asr priority=partial utterance_id=38 elapsed_seconds=1.598 audio_seconds=0.560
INFO:     final_commit reason=silero_end utterance_id=38 audio_seconds=3.360 promoted=False
WARNING:  slow_inference engine=gemma priority=partial utterance_id=38 queue_seconds=0.000 inference_seconds=1.159
WARNING:  slow_caption stage=asr priority=partial utterance_id=38 elapsed_seconds=1.159 audio_seconds=2.360
WARNING:  slow_inference engine=gemma priority=final utterance_id=38 queue_seconds=0.049 inference_seconds=1.426
WARNING:  slow_caption stage=asr priority=final utterance_id=38 elapsed_seconds=1.475 audio_seconds=3.360
WARNING:  slow_inference engine=gemma priority=partial utterance_id=39 queue_seconds=0.831 inference_seconds=0.573
WARNING:  slow_caption stage=asr priority=partial utterance_id=39 elapsed_seconds=1.404 audio_seconds=0.560
WARNING:  slow_inference engine=gemma priority=partial utterance_id=39 queue_seconds=0.000 inference_seconds=1.134
WARNING:  slow_caption stage=asr priority=partial utterance_id=39 elapsed_seconds=1.135 audio_seconds=2.320
INFO:     final_commit reason=silero_end utterance_id=39 audio_seconds=3.820 promoted=False
WARNING:  slow_inference engine=gemma priority=final utterance_id=39 queue_seconds=0.000 inference_seconds=1.479
WARNING:  slow_caption stage=asr priority=final utterance_id=39 elapsed_seconds=1.480 audio_seconds=3.820
WARNING:  slow_inference engine=gemma priority=partial utterance_id=40 queue_seconds=0.916 inference_seconds=0.535
WARNING:  slow_caption stage=asr priority=partial utterance_id=40 elapsed_seconds=1.451 audio_seconds=0.560
INFO:     final_commit reason=silero_end utterance_id=40 audio_seconds=3.500 promoted=False
WARNING:  slow_inference engine=gemma priority=final utterance_id=40 queue_seconds=0.000 inference_seconds=1.360
WARNING:  slow_caption stage=asr priority=final utterance_id=40 elapsed_seconds=1.361 audio_seconds=3.500
INFO:     final_commit reason=silero_end utterance_id=41 audio_seconds=3.200 promoted=False
WARNING:  slow_inference engine=gemma priority=partial utterance_id=41 queue_seconds=0.000 inference_seconds=1.028
WARNING:  slow_caption stage=asr priority=partial utterance_id=41 elapsed_seconds=1.029 audio_seconds=2.320
WARNING:  slow_inference engine=gemma priority=final utterance_id=41 queue_seconds=0.057 inference_seconds=1.428
WARNING:  slow_caption stage=asr priority=final utterance_id=41 elapsed_seconds=1.486 audio_seconds=3.200
WARNING:  slow_inference engine=gemma priority=partial utterance_id=42 queue_seconds=0.860 inference_seconds=0.536
WARNING:  slow_caption stage=asr priority=partial utterance_id=42 elapsed_seconds=1.396 audio_seconds=0.560
INFO:     final_commit reason=silero_end utterance_id=42 audio_seconds=3.140 promoted=False
WARNING:  slow_inference engine=gemma priority=final utterance_id=42 queue_seconds=0.048 inference_seconds=1.412
WARNING:  slow_caption stage=asr priority=final utterance_id=42 elapsed_seconds=1.461 audio_seconds=3.140
WARNING:  slow_inference engine=gemma priority=partial utterance_id=43 queue_seconds=0.865 inference_seconds=0.575
WARNING:  slow_caption stage=asr priority=partial utterance_id=43 elapsed_seconds=1.440 audio_seconds=0.560
INFO:     final_commit reason=silero_end utterance_id=43 audio_seconds=3.080 promoted=False
WARNING:  slow_inference engine=gemma priority=final utterance_id=43 queue_seconds=0.029 inference_seconds=1.494
WARNING:  slow_caption stage=asr priority=final utterance_id=43 elapsed_seconds=1.523 audio_seconds=3.080
WARNING:  slow_inference engine=gemma priority=partial utterance_id=44 queue_seconds=0.945 inference_seconds=0.533
WARNING:  slow_caption stage=asr priority=partial utterance_id=44 elapsed_seconds=1.479 audio_seconds=0.560
WARNING:  slow_inference engine=gemma priority=partial utterance_id=44 queue_seconds=0.000 inference_seconds=1.081
WARNING:  slow_caption stage=asr priority=partial utterance_id=44 elapsed_seconds=1.082 audio_seconds=2.340
INFO:     final_commit reason=silero_end utterance_id=44 audio_seconds=3.980 promoted=False
WARNING:  slow_inference engine=gemma priority=final utterance_id=44 queue_seconds=0.000 inference_seconds=1.581
WARNING:  slow_caption stage=asr priority=final utterance_id=44 elapsed_seconds=1.582 audio_seconds=3.980
WARNING:  slow_inference engine=gemma priority=partial utterance_id=45 queue_seconds=1.182 inference_seconds=0.538
WARNING:  slow_caption stage=asr priority=partial utterance_id=45 elapsed_seconds=1.720 audio_seconds=0.560
WARNING:  slow_inference engine=gemma priority=partial utterance_id=45 queue_seconds=0.000 inference_seconds=1.148
WARNING:  slow_caption stage=asr priority=partial utterance_id=45 elapsed_seconds=1.149 audio_seconds=2.340
INFO:     final_commit reason=silero_end utterance_id=45 audio_seconds=3.760 promoted=False
WARNING:  slow_inference engine=gemma priority=final utterance_id=45 queue_seconds=0.000 inference_seconds=1.549
WARNING:  slow_caption stage=asr priority=final utterance_id=45 elapsed_seconds=1.550 audio_seconds=3.760
WARNING:  slow_inference engine=gemma priority=partial utterance_id=46 queue_seconds=0.949 inference_seconds=0.638
WARNING:  slow_caption stage=asr priority=partial utterance_id=46 elapsed_seconds=1.588 audio_seconds=0.560
INFO:     final_commit reason=silero_end utterance_id=46 audio_seconds=3.360 promoted=False
WARNING:  slow_inference engine=gemma priority=partial utterance_id=46 queue_seconds=0.000 inference_seconds=1.163
WARNING:  slow_caption stage=asr priority=partial utterance_id=46 elapsed_seconds=1.164 audio_seconds=2.340
WARNING:  slow_inference engine=gemma priority=final utterance_id=46 queue_seconds=0.024 inference_seconds=1.433
WARNING:  slow_caption stage=asr priority=final utterance_id=46 elapsed_seconds=1.457 audio_seconds=3.360
WARNING:  slow_inference engine=gemma priority=partial utterance_id=47 queue_seconds=0.840 inference_seconds=0.572
WARNING:  slow_caption stage=asr priority=partial utterance_id=47 elapsed_seconds=1.412 audio_seconds=0.560
WARNING:  slow_inference engine=gemma priority=partial utterance_id=47 queue_seconds=0.000 inference_seconds=1.120
WARNING:  slow_caption stage=asr priority=partial utterance_id=47 elapsed_seconds=1.121 audio_seconds=2.340
INFO:     final_commit reason=silero_end utterance_id=47 audio_seconds=3.840 promoted=False
WARNING:  slow_inference engine=gemma priority=final utterance_id=47 queue_seconds=0.000 inference_seconds=1.484
WARNING:  slow_caption stage=asr priority=final utterance_id=47 elapsed_seconds=1.484 audio_seconds=3.840
WARNING:  slow_inference engine=gemma priority=partial utterance_id=48 queue_seconds=0.896 inference_seconds=0.573
WARNING:  slow_caption stage=asr priority=partial utterance_id=48 elapsed_seconds=1.469 audio_seconds=0.560
WARNING:  slow_inference engine=gemma priority=partial utterance_id=48 queue_seconds=0.000 inference_seconds=1.062
WARNING:  slow_caption stage=asr priority=partial utterance_id=48 elapsed_seconds=1.063 audio_seconds=2.340
INFO:     final_commit reason=silero_end utterance_id=48 audio_seconds=3.480 promoted=False
WARNING:  slow_inference engine=gemma priority=final utterance_id=48 queue_seconds=0.000 inference_seconds=1.367
WARNING:  slow_caption stage=asr priority=final utterance_id=48 elapsed_seconds=1.368 audio_seconds=3.480
INFO:     final_commit reason=silero_end utterance_id=49 audio_seconds=3.220 promoted=False
WARNING:  slow_inference engine=gemma priority=partial utterance_id=49 queue_seconds=0.000 inference_seconds=1.102
WARNING:  slow_caption stage=asr priority=partial utterance_id=49 elapsed_seconds=1.102 audio_seconds=2.280
WARNING:  slow_inference engine=gemma priority=final utterance_id=49 queue_seconds=0.054 inference_seconds=1.425
WARNING:  slow_caption stage=asr priority=final utterance_id=49 elapsed_seconds=1.480 audio_seconds=3.220
WARNING:  slow_inference engine=gemma priority=partial utterance_id=50 queue_seconds=0.860 inference_seconds=0.537
WARNING:  slow_caption stage=asr priority=partial utterance_id=50 elapsed_seconds=1.397 audio_seconds=0.560
INFO:     final_commit reason=silero_end utterance_id=50 audio_seconds=3.140 promoted=False
WARNING:  slow_inference engine=gemma priority=final utterance_id=50 queue_seconds=0.034 inference_seconds=1.396
WARNING:  slow_caption stage=asr priority=final utterance_id=50 elapsed_seconds=1.431 audio_seconds=3.140
WARNING:  slow_inference engine=gemma priority=partial utterance_id=51 queue_seconds=0.854 inference_seconds=0.543
WARNING:  slow_caption stage=asr priority=partial utterance_id=51 elapsed_seconds=1.398 audio_seconds=0.560
INFO:     final_commit reason=silero_end utterance_id=51 audio_seconds=3.100 promoted=False
WARNING:  slow_inference engine=gemma priority=final utterance_id=51 queue_seconds=0.048 inference_seconds=1.551
WARNING:  slow_caption stage=asr priority=final utterance_id=51 elapsed_seconds=1.599 audio_seconds=3.100
WARNING:  slow_inference engine=gemma priority=partial utterance_id=52 queue_seconds=0.999 inference_seconds=0.536
WARNING:  slow_caption stage=asr priority=partial utterance_id=52 elapsed_seconds=1.536 audio_seconds=0.560
WARNING:  slow_inference engine=gemma priority=partial utterance_id=52 queue_seconds=0.000 inference_seconds=1.092
WARNING:  slow_caption stage=asr priority=partial utterance_id=52 elapsed_seconds=1.092 audio_seconds=2.340
INFO:     final_commit reason=silero_end utterance_id=52 audio_seconds=3.960 promoted=False
WARNING:  slow_inference engine=gemma priority=final utterance_id=52 queue_seconds=0.000 inference_seconds=1.581
WARNING:  slow_caption stage=asr priority=final utterance_id=52 elapsed_seconds=1.581 audio_seconds=3.960
WARNING:  slow_inference engine=gemma priority=partial utterance_id=53 queue_seconds=1.206 inference_seconds=0.529
WARNING:  slow_caption stage=asr priority=partial utterance_id=53 elapsed_seconds=1.736 audio_seconds=0.560
WARNING:  slow_inference engine=gemma priority=partial utterance_id=53 queue_seconds=0.000 inference_seconds=1.155
WARNING:  slow_caption stage=asr priority=partial utterance_id=53 elapsed_seconds=1.156 audio_seconds=2.360
INFO:     final_commit reason=silero_end utterance_id=53 audio_seconds=3.780 promoted=False
WARNING:  slow_inference engine=gemma priority=final utterance_id=53 queue_seconds=0.000 inference_seconds=1.539
WARNING:  slow_caption stage=asr priority=final utterance_id=53 elapsed_seconds=1.540 audio_seconds=3.780
WARNING:  slow_inference engine=gemma priority=partial utterance_id=54 queue_seconds=0.968 inference_seconds=0.537
WARNING:  slow_caption stage=asr priority=partial utterance_id=54 elapsed_seconds=1.506 audio_seconds=0.560
INFO:     final_commit reason=silero_end utterance_id=54 audio_seconds=3.380 promoted=False
WARNING:  slow_inference engine=gemma priority=partial utterance_id=54 queue_seconds=0.000 inference_seconds=1.161
WARNING:  slow_caption stage=asr priority=partial utterance_id=54 elapsed_seconds=1.162 audio_seconds=2.340
WARNING:  slow_inference engine=gemma priority=final utterance_id=54 queue_seconds=0.002 inference_seconds=1.424
WARNING:  slow_caption stage=asr priority=final utterance_id=54 elapsed_seconds=1.427 audio_seconds=3.380
WARNING:  slow_inference engine=gemma priority=partial utterance_id=55 queue_seconds=0.790 inference_seconds=0.571
WARNING:  slow_caption stage=asr priority=partial utterance_id=55 elapsed_seconds=1.362 audio_seconds=0.560
WARNING:  slow_inference engine=gemma priority=partial utterance_id=55 queue_seconds=0.000 inference_seconds=1.124
WARNING:  slow_caption stage=asr priority=partial utterance_id=55 elapsed_seconds=1.125 audio_seconds=2.320
INFO:     final_commit reason=silero_end utterance_id=55 audio_seconds=3.820 promoted=False
WARNING:  slow_inference engine=gemma priority=final utterance_id=55 queue_seconds=0.000 inference_seconds=1.456
WARNING:  slow_caption stage=asr priority=final utterance_id=55 elapsed_seconds=1.457 audio_seconds=3.820
WARNING:  slow_inference engine=gemma priority=partial utterance_id=56 queue_seconds=0.881 inference_seconds=0.542
WARNING:  slow_caption stage=asr priority=partial utterance_id=56 elapsed_seconds=1.423 audio_seconds=0.560
INFO:     final_commit reason=silero_end utterance_id=56 audio_seconds=3.500 promoted=False
WARNING:  slow_inference engine=gemma priority=final utterance_id=56 queue_seconds=0.000 inference_seconds=1.377
WARNING:  slow_caption stage=asr priority=final utterance_id=56 elapsed_seconds=1.377 audio_seconds=3.500
INFO:     final_commit reason=silero_end utterance_id=57 audio_seconds=3.220 promoted=False
WARNING:  slow_inference engine=gemma priority=partial utterance_id=57 queue_seconds=0.000 inference_seconds=1.057
WARNING:  slow_caption stage=asr priority=partial utterance_id=57 elapsed_seconds=1.057 audio_seconds=2.300
WARNING:  slow_inference engine=gemma priority=final utterance_id=57 queue_seconds=0.037 inference_seconds=1.421
WARNING:  slow_caption stage=asr priority=final utterance_id=57 elapsed_seconds=1.458 audio_seconds=3.220
WARNING:  slow_inference engine=gemma priority=partial utterance_id=58 queue_seconds=0.859 inference_seconds=0.539
WARNING:  slow_caption stage=asr priority=partial utterance_id=58 elapsed_seconds=1.398 audio_seconds=0.560
INFO:     final_commit reason=silero_end utterance_id=58 audio_seconds=3.160 promoted=False
WARNING:  slow_inference engine=gemma priority=final utterance_id=58 queue_seconds=0.048 inference_seconds=1.382
WARNING:  slow_caption stage=asr priority=final utterance_id=58 elapsed_seconds=1.431 audio_seconds=3.160
WARNING:  slow_inference engine=gemma priority=partial utterance_id=59 queue_seconds=0.840 inference_seconds=0.573
WARNING:  slow_caption stage=asr priority=partial utterance_id=59 elapsed_seconds=1.413 audio_seconds=0.560
INFO:     final_commit reason=silero_end utterance_id=59 audio_seconds=3.080 promoted=False
WARNING:  slow_inference engine=gemma priority=final utterance_id=59 queue_seconds=0.045 inference_seconds=1.490
WARNING:  slow_caption stage=asr priority=final utterance_id=59 elapsed_seconds=1.535 audio_seconds=3.080
WARNING:  slow_inference engine=gemma priority=partial utterance_id=60 queue_seconds=0.912 inference_seconds=0.542
WARNING:  slow_caption stage=asr priority=partial utterance_id=60 elapsed_seconds=1.454 audio_seconds=0.560
WARNING:  slow_inference engine=gemma priority=partial utterance_id=60 queue_seconds=0.000 inference_seconds=1.090
WARNING:  slow_caption stage=asr priority=partial utterance_id=60 elapsed_seconds=1.091 audio_seconds=2.340
INFO:     final_commit reason=silero_end utterance_id=60 audio_seconds=3.940 promoted=False
WARNING:  slow_inference engine=gemma priority=final utterance_id=60 queue_seconds=0.000 inference_seconds=1.580
WARNING:  slow_caption stage=asr priority=final utterance_id=60 elapsed_seconds=1.581 audio_seconds=3.940
WARNING:  slow_inference engine=gemma priority=partial utterance_id=61 queue_seconds=1.181 inference_seconds=0.541
WARNING:  slow_caption stage=asr priority=partial utterance_id=61 elapsed_seconds=1.723 audio_seconds=0.560
WARNING:  slow_inference engine=gemma priority=partial utterance_id=61 queue_seconds=0.000 inference_seconds=1.156
WARNING:  slow_caption stage=asr priority=partial utterance_id=61 elapsed_seconds=1.157 audio_seconds=2.340
INFO:     final_commit reason=silero_end utterance_id=61 audio_seconds=3.760 promoted=False
WARNING:  slow_inference engine=gemma priority=final utterance_id=61 queue_seconds=0.000 inference_seconds=1.544
WARNING:  slow_caption stage=asr priority=final utterance_id=61 elapsed_seconds=1.544 audio_seconds=3.760
